Flow report for experiment1b
Wed Feb 05 09:06:06 2020
Quartus II 32-bit Version 12.0 Build 263 08/02/2012 Service Pack 2 SJ Full Version


---------------------
; Table of Contents ;
---------------------
  1. Legal Notice
  2. Flow Summary
  3. Flow Settings
  4. Flow Non-Default Global Settings
  5. Flow Elapsed Time
  6. Flow OS Summary
  7. Flow Log



----------------
; Legal Notice ;
----------------
Copyright (C) 1991-2012 Altera Corporation
Your use of Altera Corporation's design tools, logic functions 
and other software and tools, and its AMPP partner logic 
functions, and any output files from any of the foregoing 
(including device programming or simulation files), and any 
associated documentation or information are expressly subject 
to the terms and conditions of the Altera Program License 
Subscription Agreement, Altera MegaCore Function License 
Agreement, or other applicable license agreement, including, 
without limitation, that your use is for the sole purpose of 
programming logic devices manufactured by Altera and sold by 
Altera or its authorized distributors.  Please refer to the 
applicable agreement for further details.



+-------------------------------------------------------------------------------------+
; Flow Summary                                                                        ;
+------------------------------------+------------------------------------------------+
; Flow Status                        ; Successful - Wed Feb 05 09:06:06 2020          ;
; Quartus II 32-bit Version          ; 12.0 Build 263 08/02/2012 SP 2 SJ Full Version ;
; Revision Name                      ; experiment1b                                   ;
; Top-level Entity Name              ; experiment1b                                   ;
; Family                             ; Cyclone II                                     ;
; Device                             ; EP2C35F672C6                                   ;
; Timing Models                      ; Final                                          ;
; Total logic elements               ; 2,116 / 33,216 ( 6 % )                         ;
;     Total combinational functions  ; 1,934 / 33,216 ( 6 % )                         ;
;     Dedicated logic registers      ; 1,323 / 33,216 ( 4 % )                         ;
; Total registers                    ; 1323                                           ;
; Total pins                         ; 96 / 475 ( 20 % )                              ;
; Total virtual pins                 ; 0                                              ;
; Total memory bits                  ; 11,264 / 483,840 ( 2 % )                       ;
; Embedded Multiplier 9-bit elements ; 0 / 70 ( 0 % )                                 ;
; Total PLLs                         ; 0 / 4 ( 0 % )                                  ;
+------------------------------------+------------------------------------------------+


+-----------------------------------------+
; Flow Settings                           ;
+-------------------+---------------------+
; Option            ; Setting             ;
+-------------------+---------------------+
; Start date & time ; 01/30/2020 13:37:26 ;
; Main task         ; Compilation         ;
; Revision Name     ; experiment1b        ;
+-------------------+---------------------+


+-------------------------------------------------------------------------------------------------------------------------------------------------------------------------+
; Flow Non-Default Global Settings                                                                                                                                        ;
+-------------------------------------+----------------------------------------------------------------+---------------+---------------------------------+----------------+
; Assignment Name                     ; Value                                                          ; Default Value ; Entity Name                     ; Section Id     ;
+-------------------------------------+----------------------------------------------------------------+---------------+---------------------------------+----------------+
; COMPILER_SIGNATURE_ID               ; 242971816428277.158040944609184                                ; --            ; --                              ; --             ;
; EDA_OUTPUT_DATA_FORMAT              ; Vhdl                                                           ; --            ; --                              ; eda_simulation ;
; EDA_SIMULATION_TOOL                 ; ModelSim-Altera (VHDL)                                         ; <None>        ; --                              ; --             ;
; IP_TOOL_ENV                         ; qsys                                                           ; --            ; altera_avalon_sc_fifo           ; --             ;
; IP_TOOL_ENV                         ; qsys                                                           ; --            ; altera_merlin_burst_adapter     ; --             ;
; IP_TOOL_ENV                         ; qsys                                                           ; --            ; altera_merlin_master_agent      ; --             ;
; IP_TOOL_ENV                         ; qsys                                                           ; --            ; altera_merlin_master_translator ; --             ;
; IP_TOOL_ENV                         ; qsys                                                           ; --            ; altera_merlin_slave_agent       ; --             ;
; IP_TOOL_ENV                         ; qsys                                                           ; --            ; altera_merlin_slave_translator  ; --             ;
; IP_TOOL_ENV                         ; qsys                                                           ; --            ; altera_merlin_width_adapter     ; --             ;
; IP_TOOL_ENV                         ; qsys                                                           ; --            ; altera_reset_controller         ; --             ;
; IP_TOOL_ENV                         ; qsys                                                           ; --            ; --                              ; --             ;
; IP_TOOL_ENV                         ; qsys                                                           ; --            ; experiment1b_LED_GREEN_O        ; --             ;
; IP_TOOL_ENV                         ; qsys                                                           ; --            ; experiment1b_LED_RED_O          ; --             ;
; IP_TOOL_ENV                         ; qsys                                                           ; --            ; experiment1b_PUSH_BUTTON_I      ; --             ;
; IP_TOOL_ENV                         ; qsys                                                           ; --            ; experiment1b_SWITCH_I           ; --             ;
; IP_TOOL_ENV                         ; qsys                                                           ; --            ; experiment1b_addr_router        ; --             ;
; IP_TOOL_ENV                         ; qsys                                                           ; --            ; experiment1b_addr_router_001    ; --             ;
; IP_TOOL_ENV                         ; qsys                                                           ; --            ; experiment1b_cmd_xbar_demux     ; --             ;
; IP_TOOL_ENV                         ; qsys                                                           ; --            ; experiment1b_cmd_xbar_demux_001 ; --             ;
; IP_TOOL_ENV                         ; qsys                                                           ; --            ; experiment1b_cmd_xbar_mux       ; --             ;
; IP_TOOL_ENV                         ; qsys                                                           ; --            ; experiment1b_cpu_0              ; --             ;
; IP_TOOL_ENV                         ; qsys                                                           ; --            ; experiment1b_id_router          ; --             ;
; IP_TOOL_ENV                         ; qsys                                                           ; --            ; experiment1b_id_router_001      ; --             ;
; IP_TOOL_ENV                         ; qsys                                                           ; --            ; experiment1b_id_router_002      ; --             ;
; IP_TOOL_ENV                         ; qsys                                                           ; --            ; experiment1b_irq_mapper         ; --             ;
; IP_TOOL_ENV                         ; qsys                                                           ; --            ; experiment1b_jtag_uart_0        ; --             ;
; IP_TOOL_ENV                         ; qsys                                                           ; --            ; experiment1b_rsp_xbar_demux_002 ; --             ;
; IP_TOOL_ENV                         ; qsys                                                           ; --            ; experiment1b_rsp_xbar_mux       ; --             ;
; IP_TOOL_ENV                         ; qsys                                                           ; --            ; experiment1b_rsp_xbar_mux_001   ; --             ;
; IP_TOOL_NAME                        ; altera_avalon_sc_fifo                                          ; --            ; altera_avalon_sc_fifo           ; --             ;
; IP_TOOL_NAME                        ; altera_merlin_burst_adapter                                    ; --            ; altera_merlin_burst_adapter     ; --             ;
; IP_TOOL_NAME                        ; altera_merlin_master_agent                                     ; --            ; altera_merlin_master_agent      ; --             ;
; IP_TOOL_NAME                        ; altera_merlin_master_translator                                ; --            ; altera_merlin_master_translator ; --             ;
; IP_TOOL_NAME                        ; altera_merlin_slave_agent                                      ; --            ; altera_merlin_slave_agent       ; --             ;
; IP_TOOL_NAME                        ; altera_merlin_slave_translator                                 ; --            ; altera_merlin_slave_translator  ; --             ;
; IP_TOOL_NAME                        ; altera_merlin_width_adapter                                    ; --            ; altera_merlin_width_adapter     ; --             ;
; IP_TOOL_NAME                        ; altera_reset_controller                                        ; --            ; altera_reset_controller         ; --             ;
; IP_TOOL_NAME                        ; qsys                                                           ; --            ; --                              ; --             ;
; IP_TOOL_NAME                        ; altera_avalon_pio                                              ; --            ; experiment1b_LED_GREEN_O        ; --             ;
; IP_TOOL_NAME                        ; altera_avalon_pio                                              ; --            ; experiment1b_LED_RED_O          ; --             ;
; IP_TOOL_NAME                        ; altera_avalon_pio                                              ; --            ; experiment1b_PUSH_BUTTON_I      ; --             ;
; IP_TOOL_NAME                        ; altera_avalon_pio                                              ; --            ; experiment1b_SWITCH_I           ; --             ;
; IP_TOOL_NAME                        ; altera_merlin_router                                           ; --            ; experiment1b_addr_router        ; --             ;
; IP_TOOL_NAME                        ; altera_merlin_router                                           ; --            ; experiment1b_addr_router_001    ; --             ;
; IP_TOOL_NAME                        ; altera_merlin_demultiplexer                                    ; --            ; experiment1b_cmd_xbar_demux     ; --             ;
; IP_TOOL_NAME                        ; altera_merlin_demultiplexer                                    ; --            ; experiment1b_cmd_xbar_demux_001 ; --             ;
; IP_TOOL_NAME                        ; altera_merlin_multiplexer                                      ; --            ; experiment1b_cmd_xbar_mux       ; --             ;
; IP_TOOL_NAME                        ; altera_nios2_qsys                                              ; --            ; experiment1b_cpu_0              ; --             ;
; IP_TOOL_NAME                        ; altera_merlin_router                                           ; --            ; experiment1b_id_router          ; --             ;
; IP_TOOL_NAME                        ; altera_merlin_router                                           ; --            ; experiment1b_id_router_001      ; --             ;
; IP_TOOL_NAME                        ; altera_merlin_router                                           ; --            ; experiment1b_id_router_002      ; --             ;
; IP_TOOL_NAME                        ; altera_irq_mapper                                              ; --            ; experiment1b_irq_mapper         ; --             ;
; IP_TOOL_NAME                        ; altera_avalon_jtag_uart                                        ; --            ; experiment1b_jtag_uart_0        ; --             ;
; IP_TOOL_NAME                        ; altera_merlin_demultiplexer                                    ; --            ; experiment1b_rsp_xbar_demux_002 ; --             ;
; IP_TOOL_NAME                        ; altera_merlin_multiplexer                                      ; --            ; experiment1b_rsp_xbar_mux       ; --             ;
; IP_TOOL_NAME                        ; altera_merlin_multiplexer                                      ; --            ; experiment1b_rsp_xbar_mux_001   ; --             ;
; IP_TOOL_VERSION                     ; 12.0                                                           ; --            ; altera_avalon_sc_fifo           ; --             ;
; IP_TOOL_VERSION                     ; 12.0                                                           ; --            ; altera_merlin_burst_adapter     ; --             ;
; IP_TOOL_VERSION                     ; 12.0                                                           ; --            ; altera_merlin_master_agent      ; --             ;
; IP_TOOL_VERSION                     ; 12.0                                                           ; --            ; altera_merlin_master_translator ; --             ;
; IP_TOOL_VERSION                     ; 12.0                                                           ; --            ; altera_merlin_slave_agent       ; --             ;
; IP_TOOL_VERSION                     ; 12.0                                                           ; --            ; altera_merlin_slave_translator  ; --             ;
; IP_TOOL_VERSION                     ; 12.0                                                           ; --            ; altera_merlin_width_adapter     ; --             ;
; IP_TOOL_VERSION                     ; 12.0                                                           ; --            ; altera_reset_controller         ; --             ;
; IP_TOOL_VERSION                     ; 12.0sp2                                                        ; --            ; --                              ; --             ;
; IP_TOOL_VERSION                     ; 12.0                                                           ; --            ; experiment1b_LED_GREEN_O        ; --             ;
; IP_TOOL_VERSION                     ; 12.0                                                           ; --            ; experiment1b_LED_RED_O          ; --             ;
; IP_TOOL_VERSION                     ; 12.0                                                           ; --            ; experiment1b_PUSH_BUTTON_I      ; --             ;
; IP_TOOL_VERSION                     ; 12.0                                                           ; --            ; experiment1b_SWITCH_I           ; --             ;
; IP_TOOL_VERSION                     ; 12.0                                                           ; --            ; experiment1b_addr_router        ; --             ;
; IP_TOOL_VERSION                     ; 12.0                                                           ; --            ; experiment1b_addr_router_001    ; --             ;
; IP_TOOL_VERSION                     ; 12.0                                                           ; --            ; experiment1b_cmd_xbar_demux     ; --             ;
; IP_TOOL_VERSION                     ; 12.0                                                           ; --            ; experiment1b_cmd_xbar_demux_001 ; --             ;
; IP_TOOL_VERSION                     ; 12.0                                                           ; --            ; experiment1b_cmd_xbar_mux       ; --             ;
; IP_TOOL_VERSION                     ; 12.0                                                           ; --            ; experiment1b_cpu_0              ; --             ;
; IP_TOOL_VERSION                     ; 12.0                                                           ; --            ; experiment1b_id_router          ; --             ;
; IP_TOOL_VERSION                     ; 12.0                                                           ; --            ; experiment1b_id_router_001      ; --             ;
; IP_TOOL_VERSION                     ; 12.0                                                           ; --            ; experiment1b_id_router_002      ; --             ;
; IP_TOOL_VERSION                     ; 12.0                                                           ; --            ; experiment1b_irq_mapper         ; --             ;
; IP_TOOL_VERSION                     ; 12.0                                                           ; --            ; experiment1b_jtag_uart_0        ; --             ;
; IP_TOOL_VERSION                     ; 12.0                                                           ; --            ; experiment1b_rsp_xbar_demux_002 ; --             ;
; IP_TOOL_VERSION                     ; 12.0                                                           ; --            ; experiment1b_rsp_xbar_mux       ; --             ;
; IP_TOOL_VERSION                     ; 12.0                                                           ; --            ; experiment1b_rsp_xbar_mux_001   ; --             ;
; MAX_CORE_JUNCTION_TEMP              ; 85                                                             ; --            ; --                              ; --             ;
; MIN_CORE_JUNCTION_TEMP              ; 0                                                              ; --            ; --                              ; --             ;
; MISC_FILE                           ; experiment1b/synthesis/../../experiment1b.sopcinfo             ; --            ; --                              ; --             ;
; MISC_FILE                           ; experiment1b/synthesis/../../experiment1b.qsys                 ; --            ; --                              ; --             ;
; PARTITION_COLOR                     ; 16764057                                                       ; --            ; --                              ; Top            ;
; PARTITION_FITTER_PRESERVATION_LEVEL ; PLACEMENT                                                      ; --            ; --                              ; Top            ;
; PARTITION_NETLIST_TYPE              ; POST_FIT                                                       ; --            ; --                              ; Top            ;
; SLD_INFO                            ; QSYS_NAME experiment1b HAS_SOPCINFO 1 GENERATION_ID 1580409072 ; --            ; --                              ; --             ;
; SYNTHESIS_ONLY_QIP                  ; On                                                             ; --            ; --                              ; --             ;
; USE_GENERATED_PHYSICAL_CONSTRAINTS  ; Off                                                            ; --            ; --                              ; eda_blast_fpga ;
; VERILOG_INPUT_VERSION               ; SystemVerilog_2005                                             ; Verilog_2001  ; --                              ; --             ;
; VERILOG_SHOW_LMF_MAPPING_MESSAGES   ; Off                                                            ; --            ; --                              ; --             ;
+-------------------------------------+----------------------------------------------------------------+---------------+---------------------------------+----------------+


+-------------------------------------------------------------------------------------------------------------------------------+
; Flow Elapsed Time                                                                                                             ;
+---------------------------+--------------+-------------------------+---------------------+------------------------------------+
; Module Name               ; Elapsed Time ; Average Processors Used ; Peak Virtual Memory ; Total CPU Time (on all processors) ;
+---------------------------+--------------+-------------------------+---------------------+------------------------------------+
; Analysis & Synthesis      ; 00:00:09     ; 1.7                     ; 4711 MB             ; 00:00:08                           ;
; Partition Merge           ; 00:00:00     ; 1.0                     ; 4618 MB             ; 00:00:01                           ;
; Fitter                    ; 00:00:06     ; 4.2                     ; 4822 MB             ; 00:00:08                           ;
; TimeQuest Timing Analyzer ; 00:00:01     ; 1.0                     ; 4582 MB             ; 00:00:01                           ;
; Assembler                 ; 00:00:02     ; 1.0                     ; 4562 MB             ; 00:00:01                           ;
; EDA Netlist Writer        ; 00:00:01     ; 1.0                     ; 4538 MB             ; 00:00:01                           ;
; Analysis & Synthesis      ; 00:00:08     ; 1.0                     ; 4698 MB             ; 00:00:06                           ;
; Partition Merge           ; 00:00:01     ; 1.0                     ; 4629 MB             ; 00:00:01                           ;
; Fitter                    ; 00:00:07     ; 3.5                     ; 4826 MB             ; 00:00:09                           ;
; TimeQuest Timing Analyzer ; 00:00:01     ; 1.0                     ; 4583 MB             ; 00:00:01                           ;
; Assembler                 ; 00:00:02     ; 1.0                     ; 4572 MB             ; 00:00:01                           ;
; EDA Netlist Writer        ; 00:00:02     ; 1.0                     ; 4532 MB             ; 00:00:01                           ;
; Analysis & Synthesis      ; 00:00:03     ; 1.0                     ; 4693 MB             ; 00:00:03                           ;
; Partition Merge           ; 00:00:01     ; 1.0                     ; 4634 MB             ; 00:00:01                           ;
; Fitter                    ; 00:00:06     ; 3.7                     ; 4818 MB             ; 00:00:08                           ;
; TimeQuest Timing Analyzer ; 00:00:01     ; 1.0                     ; 4589 MB             ; 00:00:01                           ;
; Assembler                 ; 00:00:01     ; 1.0                     ; 4572 MB             ; 00:00:01                           ;
; EDA Netlist Writer        ; 00:00:02     ; 1.0                     ; 4538 MB             ; 00:00:01                           ;
; Analysis & Synthesis      ; 00:00:01     ; 1.0                     ; 4585 MB             ; 00:00:01                           ;
; Analysis & Synthesis      ; 00:00:01     ; 1.0                     ; 4568 MB             ; 00:00:00                           ;
; Analysis & Synthesis      ; 00:00:00     ; 1.0                     ; 4567 MB             ; 00:00:00                           ;
; Analysis & Synthesis      ; 00:00:00     ; 1.0                     ; 4567 MB             ; 00:00:00                           ;
; Analysis & Synthesis      ; 00:00:00     ; 1.0                     ; 4568 MB             ; 00:00:00                           ;
; Analysis & Synthesis      ; 00:00:09     ; 1.0                     ; 4709 MB             ; 00:00:07                           ;
; Partition Merge           ; 00:00:00     ; 1.0                     ; 4618 MB             ; 00:00:01                           ;
; Fitter                    ; 00:00:07     ; 4.2                     ; 4818 MB             ; 00:00:09                           ;
; TimeQuest Timing Analyzer ; 00:00:01     ; 1.0                     ; 4596 MB             ; 00:00:01                           ;
; Assembler                 ; 00:00:02     ; 1.0                     ; 4556 MB             ; 00:00:02                           ;
; EDA Netlist Writer        ; 00:00:02     ; 1.0                     ; 4542 MB             ; 00:00:01                           ;
; Analysis & Synthesis      ; 00:00:09     ; 1.0                     ; 4714 MB             ; 00:00:08                           ;
; Partition Merge           ; 00:00:00     ; 1.0                     ; 4629 MB             ; 00:00:01                           ;
; Fitter                    ; 00:00:07     ; 1.0                     ; 4819 MB             ; 00:00:09                           ;
; TimeQuest Timing Analyzer ; 00:00:02     ; 1.0                     ; 4595 MB             ; 00:00:01                           ;
; Assembler                 ; 00:00:02     ; 1.0                     ; 4556 MB             ; 00:00:02                           ;
; EDA Netlist Writer        ; 00:00:02     ; 1.0                     ; 4538 MB             ; 00:00:01                           ;
; Analysis & Synthesis      ; 00:00:09     ; 1.0                     ; 4709 MB             ; 00:00:08                           ;
; Partition Merge           ; 00:00:00     ; 1.0                     ; 4618 MB             ; 00:00:01                           ;
; Fitter                    ; 00:00:07     ; 3.7                     ; 4824 MB             ; 00:00:09                           ;
; TimeQuest Timing Analyzer ; 00:00:01     ; 1.0                     ; 4595 MB             ; 00:00:01                           ;
; Assembler                 ; 00:00:02     ; 1.0                     ; 4552 MB             ; 00:00:02                           ;
; Analysis & Synthesis      ; 00:00:06     ; 1.0                     ; 4714 MB             ; 00:00:06                           ;
; Partition Merge           ; 00:00:01     ; 1.0                     ; 4617 MB             ; 00:00:01                           ;
; Fitter                    ; 00:00:07     ; 1.0                     ; 4820 MB             ; 00:00:09                           ;
; TimeQuest Timing Analyzer ; 00:00:01     ; 1.0                     ; 4584 MB             ; 00:00:01                           ;
; Assembler                 ; 00:00:01     ; 1.0                     ; 4568 MB             ; 00:00:02                           ;
; Analysis & Synthesis      ; 00:00:05     ; 1.0                     ; 4696 MB             ; 00:00:03                           ;
; Partition Merge           ; 00:00:01     ; 1.0                     ; 4634 MB             ; 00:00:01                           ;
; Fitter                    ; 00:00:06     ; 2.2                     ; 4821 MB             ; 00:00:08                           ;
; TimeQuest Timing Analyzer ; 00:00:02     ; 1.0                     ; 4595 MB             ; 00:00:01                           ;
; Assembler                 ; 00:00:02     ; 1.0                     ; 4568 MB             ; 00:00:02                           ;
; Analysis & Synthesis      ; 00:00:07     ; 1.0                     ; 4714 MB             ; 00:00:07                           ;
; Partition Merge           ; 00:00:01     ; 1.0                     ; 4618 MB             ; 00:00:01                           ;
; Fitter                    ; 00:00:07     ; 1.0                     ; 4837 MB             ; 00:00:10                           ;
; TimeQuest Timing Analyzer ; 00:00:01     ; 1.0                     ; 4595 MB             ; 00:00:01                           ;
; Assembler                 ; 00:00:01     ; 1.0                     ; 4572 MB             ; 00:00:02                           ;
; Analysis & Synthesis      ; 00:00:07     ; 1.0                     ; 4713 MB             ; 00:00:07                           ;
; Partition Merge           ; 00:00:01     ; 1.0                     ; 4617 MB             ; 00:00:01                           ;
; Fitter                    ; 00:00:08     ; 1.0                     ; 4834 MB             ; 00:00:10                           ;
; TimeQuest Timing Analyzer ; 00:00:01     ; 1.0                     ; 4597 MB             ; 00:00:01                           ;
; Assembler                 ; 00:00:02     ; 1.0                     ; 4572 MB             ; 00:00:01                           ;
; Analysis & Synthesis      ; 00:00:10     ; 1.0                     ; 426 MB              ; 00:00:08                           ;
; Partition Merge           ; 00:00:01     ; 1.0                     ; 372 MB              ; 00:00:01                           ;
; Fitter                    ; 00:00:07     ; 2.1                     ; 533 MB              ; 00:00:10                           ;
; TimeQuest Timing Analyzer ; 00:00:01     ; 1.0                     ; 335 MB              ; 00:00:01                           ;
; Assembler                 ; 00:00:02     ; 1.0                     ; 350 MB              ; 00:00:02                           ;
; Analysis & Synthesis      ; 00:00:07     ; 1.0                     ; 432 MB              ; 00:00:07                           ;
; Partition Merge           ; 00:00:01     ; 1.0                     ; 372 MB              ; 00:00:01                           ;
; Fitter                    ; 00:00:07     ; 1.0                     ; 535 MB              ; 00:00:09                           ;
; TimeQuest Timing Analyzer ; 00:00:01     ; 1.0                     ; 335 MB              ; 00:00:01                           ;
; Assembler                 ; 00:00:02     ; 1.0                     ; 350 MB              ; 00:00:02                           ;
; Analysis & Synthesis      ; 00:00:07     ; 1.0                     ; 431 MB              ; 00:00:07                           ;
; Partition Merge           ; 00:00:01     ; 1.0                     ; 372 MB              ; 00:00:01                           ;
; Fitter                    ; 00:00:07     ; 3.8                     ; 531 MB              ; 00:00:10                           ;
; TimeQuest Timing Analyzer ; 00:00:01     ; 1.0                     ; 335 MB              ; 00:00:01                           ;
; Assembler                 ; 00:00:02     ; 1.0                     ; 350 MB              ; 00:00:02                           ;
; Analysis & Synthesis      ; 00:00:07     ; 1.0                     ; 421 MB              ; 00:00:07                           ;
; Partition Merge           ; 00:00:01     ; 1.0                     ; 372 MB              ; 00:00:01                           ;
; Fitter                    ; 00:00:07     ; 3.8                     ; 539 MB              ; 00:00:10                           ;
; TimeQuest Timing Analyzer ; 00:00:01     ; 1.0                     ; 335 MB              ; 00:00:01                           ;
; Assembler                 ; 00:00:01     ; 1.0                     ; 350 MB              ; 00:00:02                           ;
; Analysis & Synthesis      ; 00:00:10     ; 1.0                     ; 422 MB              ; 00:00:08                           ;
; Partition Merge           ; 00:00:00     ; 1.0                     ; 376 MB              ; 00:00:01                           ;
; Fitter                    ; 00:00:08     ; 1.0                     ; 530 MB              ; 00:00:10                           ;
; TimeQuest Timing Analyzer ; 00:00:01     ; 1.0                     ; 343 MB              ; 00:00:01                           ;
; Assembler                 ; 00:00:02     ; 1.0                     ; 346 MB              ; 00:00:02                           ;
; Analysis & Synthesis      ; 00:00:07     ; 1.0                     ; 425 MB              ; 00:00:07                           ;
; Partition Merge           ; 00:00:01     ; 1.0                     ; 376 MB              ; 00:00:01                           ;
; Fitter                    ; 00:00:07     ; 1.0                     ; 532 MB              ; 00:00:10                           ;
; TimeQuest Timing Analyzer ; 00:00:01     ; 1.0                     ; 343 MB              ; 00:00:01                           ;
; Assembler                 ; 00:00:02     ; 1.0                     ; 346 MB              ; 00:00:02                           ;
; Analysis & Synthesis      ; 00:00:03     ; 1.0                     ; 417 MB              ; 00:00:03                           ;
; Partition Merge           ; 00:00:01     ; 1.0                     ; 376 MB              ; 00:00:01                           ;
; Fitter                    ; 00:00:07     ; 2.2                     ; 535 MB              ; 00:00:09                           ;
; TimeQuest Timing Analyzer ; 00:00:01     ; 1.0                     ; 343 MB              ; 00:00:01                           ;
; Assembler                 ; 00:00:02     ; 1.0                     ; 346 MB              ; 00:00:02                           ;
; Analysis & Synthesis      ; 00:00:07     ; 1.0                     ; 425 MB              ; 00:00:07                           ;
; Partition Merge           ; 00:00:01     ; 1.0                     ; 376 MB              ; 00:00:01                           ;
; Fitter                    ; 00:00:07     ; 3.5                     ; 530 MB              ; 00:00:10                           ;
; TimeQuest Timing Analyzer ; 00:00:01     ; 1.0                     ; 335 MB              ; 00:00:01                           ;
; Assembler                 ; 00:00:02     ; 1.0                     ; 346 MB              ; 00:00:02                           ;
; Analysis & Synthesis      ; 00:00:04     ; 1.0                     ; 421 MB              ; 00:00:03                           ;
; Partition Merge           ; 00:00:01     ; 1.0                     ; 376 MB              ; 00:00:01                           ;
; Fitter                    ; 00:00:02     ; 1.0                     ; 411 MB              ; 00:00:02                           ;
; Analysis & Synthesis      ; 00:00:03     ; 1.0                     ; 422 MB              ; 00:00:03                           ;
; Partition Merge           ; 00:00:01     ; 1.0                     ; 376 MB              ; 00:00:01                           ;
; Fitter                    ; 00:00:02     ; 1.0                     ; 412 MB              ; 00:00:01                           ;
; Analysis & Synthesis      ; 00:00:03     ; 1.0                     ; 423 MB              ; 00:00:03                           ;
; Partition Merge           ; 00:00:01     ; 1.0                     ; 376 MB              ; 00:00:01                           ;
; Fitter                    ; 00:00:02     ; 1.0                     ; 412 MB              ; 00:00:01                           ;
; Analysis & Synthesis      ; 00:00:04     ; 1.0                     ; 422 MB              ; 00:00:03                           ;
; Partition Merge           ; 00:00:00     ; 1.0                     ; 376 MB              ; 00:00:01                           ;
; Fitter                    ; 00:00:02     ; 1.0                     ; 412 MB              ; 00:00:01                           ;
; Analysis & Synthesis      ; 00:00:08     ; 1.0                     ; 421 MB              ; 00:00:07                           ;
; Partition Merge           ; 00:00:00     ; 1.0                     ; 376 MB              ; 00:00:01                           ;
; Fitter                    ; 00:00:08     ; 2.2                     ; 534 MB              ; 00:00:10                           ;
; TimeQuest Timing Analyzer ; 00:00:01     ; 1.0                     ; 339 MB              ; 00:00:01                           ;
; Assembler                 ; 00:00:02     ; 1.0                     ; 346 MB              ; 00:00:02                           ;
; Analysis & Synthesis      ; 00:00:04     ; 1.0                     ; 416 MB              ; 00:00:03                           ;
; Partition Merge           ; 00:00:01     ; 1.0                     ; 376 MB              ; 00:00:01                           ;
; Fitter                    ; 00:00:06     ; 1.0                     ; 535 MB              ; 00:00:09                           ;
; TimeQuest Timing Analyzer ; 00:00:01     ; 1.0                     ; 343 MB              ; 00:00:01                           ;
; Assembler                 ; 00:00:02     ; 1.0                     ; 346 MB              ; 00:00:02                           ;
; Analysis & Synthesis      ; 00:00:09     ; 1.0                     ; 425 MB              ; 00:00:08                           ;
; Partition Merge           ; 00:00:01     ; 1.0                     ; 377 MB              ; 00:00:01                           ;
; Fitter                    ; 00:00:07     ; 1.0                     ; 542 MB              ; 00:00:10                           ;
; TimeQuest Timing Analyzer ; 00:00:02     ; 1.0                     ; 336 MB              ; 00:00:01                           ;
; Assembler                 ; 00:00:02     ; 1.0                     ; 347 MB              ; 00:00:02                           ;
; Total                     ; 00:06:50     ; --                      ; --                  ; 00:07:18                           ;
+---------------------------+--------------+-------------------------+---------------------+------------------------------------+


+----------------------------------------------------------------------------------------+
; Flow OS Summary                                                                        ;
+---------------------------+------------------+-----------+------------+----------------+
; Module Name               ; Machine Hostname ; OS Name   ; OS Version ; Processor type ;
+---------------------------+------------------+-----------+------------+----------------+
; Analysis & Synthesis      ; PC-ITB-AB109-08  ; Windows 7 ; 6.2        ; x86_64         ;
; Partition Merge           ; PC-ITB-AB109-08  ; Windows 7 ; 6.2        ; x86_64         ;
; Fitter                    ; PC-ITB-AB109-08  ; Windows 7 ; 6.2        ; x86_64         ;
; TimeQuest Timing Analyzer ; PC-ITB-AB109-08  ; Windows 7 ; 6.2        ; x86_64         ;
; Assembler                 ; PC-ITB-AB109-08  ; Windows 7 ; 6.2        ; x86_64         ;
; EDA Netlist Writer        ; PC-ITB-AB109-08  ; Windows 7 ; 6.2        ; x86_64         ;
; Analysis & Synthesis      ; PC-ITB-AB109-08  ; Windows 7 ; 6.2        ; x86_64         ;
; Partition Merge           ; PC-ITB-AB109-08  ; Windows 7 ; 6.2        ; x86_64         ;
; Fitter                    ; PC-ITB-AB109-08  ; Windows 7 ; 6.2        ; x86_64         ;
; TimeQuest Timing Analyzer ; PC-ITB-AB109-08  ; Windows 7 ; 6.2        ; x86_64         ;
; Assembler                 ; PC-ITB-AB109-08  ; Windows 7 ; 6.2        ; x86_64         ;
; EDA Netlist Writer        ; PC-ITB-AB109-08  ; Windows 7 ; 6.2        ; x86_64         ;
; Analysis & Synthesis      ; PC-ITB-AB109-08  ; Windows 7 ; 6.2        ; x86_64         ;
; Partition Merge           ; PC-ITB-AB109-08  ; Windows 7 ; 6.2        ; x86_64         ;
; Fitter                    ; PC-ITB-AB109-08  ; Windows 7 ; 6.2        ; x86_64         ;
; TimeQuest Timing Analyzer ; PC-ITB-AB109-08  ; Windows 7 ; 6.2        ; x86_64         ;
; Assembler                 ; PC-ITB-AB109-08  ; Windows 7 ; 6.2        ; x86_64         ;
; EDA Netlist Writer        ; PC-ITB-AB109-08  ; Windows 7 ; 6.2        ; x86_64         ;
; Analysis & Synthesis      ; PC-ITB-AB109-08  ; Windows 7 ; 6.2        ; x86_64         ;
; Analysis & Synthesis      ; PC-ITB-AB109-08  ; Windows 7 ; 6.2        ; x86_64         ;
; Analysis & Synthesis      ; PC-ITB-AB109-08  ; Windows 7 ; 6.2        ; x86_64         ;
; Analysis & Synthesis      ; PC-ITB-AB109-08  ; Windows 7 ; 6.2        ; x86_64         ;
; Analysis & Synthesis      ; PC-ITB-AB109-08  ; Windows 7 ; 6.2        ; x86_64         ;
; Analysis & Synthesis      ; PC-ITB-AB109-08  ; Windows 7 ; 6.2        ; x86_64         ;
; Partition Merge           ; PC-ITB-AB109-08  ; Windows 7 ; 6.2        ; x86_64         ;
; Fitter                    ; PC-ITB-AB109-08  ; Windows 7 ; 6.2        ; x86_64         ;
; TimeQuest Timing Analyzer ; PC-ITB-AB109-08  ; Windows 7 ; 6.2        ; x86_64         ;
; Assembler                 ; PC-ITB-AB109-08  ; Windows 7 ; 6.2        ; x86_64         ;
; EDA Netlist Writer        ; PC-ITB-AB109-08  ; Windows 7 ; 6.2        ; x86_64         ;
; Analysis & Synthesis      ; PC-ITB-AB109-08  ; Windows 7 ; 6.2        ; x86_64         ;
; Partition Merge           ; PC-ITB-AB109-08  ; Windows 7 ; 6.2        ; x86_64         ;
; Fitter                    ; PC-ITB-AB109-08  ; Windows 7 ; 6.2        ; x86_64         ;
; TimeQuest Timing Analyzer ; PC-ITB-AB109-08  ; Windows 7 ; 6.2        ; x86_64         ;
; Assembler                 ; PC-ITB-AB109-08  ; Windows 7 ; 6.2        ; x86_64         ;
; EDA Netlist Writer        ; PC-ITB-AB109-08  ; Windows 7 ; 6.2        ; x86_64         ;
; Analysis & Synthesis      ; PC-ITB-AB109-08  ; Windows 7 ; 6.2        ; x86_64         ;
; Partition Merge           ; PC-ITB-AB109-08  ; Windows 7 ; 6.2        ; x86_64         ;
; Fitter                    ; PC-ITB-AB109-08  ; Windows 7 ; 6.2        ; x86_64         ;
; TimeQuest Timing Analyzer ; PC-ITB-AB109-08  ; Windows 7 ; 6.2        ; x86_64         ;
; Assembler                 ; PC-ITB-AB109-08  ; Windows 7 ; 6.2        ; x86_64         ;
; Analysis & Synthesis      ; PC-ITB-AB109-08  ; Windows 7 ; 6.2        ; x86_64         ;
; Partition Merge           ; PC-ITB-AB109-08  ; Windows 7 ; 6.2        ; x86_64         ;
; Fitter                    ; PC-ITB-AB109-08  ; Windows 7 ; 6.2        ; x86_64         ;
; TimeQuest Timing Analyzer ; PC-ITB-AB109-08  ; Windows 7 ; 6.2        ; x86_64         ;
; Assembler                 ; PC-ITB-AB109-08  ; Windows 7 ; 6.2        ; x86_64         ;
; Analysis & Synthesis      ; PC-ITB-AB109-08  ; Windows 7 ; 6.2        ; x86_64         ;
; Partition Merge           ; PC-ITB-AB109-08  ; Windows 7 ; 6.2        ; x86_64         ;
; Fitter                    ; PC-ITB-AB109-08  ; Windows 7 ; 6.2        ; x86_64         ;
; TimeQuest Timing Analyzer ; PC-ITB-AB109-08  ; Windows 7 ; 6.2        ; x86_64         ;
; Assembler                 ; PC-ITB-AB109-08  ; Windows 7 ; 6.2        ; x86_64         ;
; Analysis & Synthesis      ; PC-ITB-AB109-08  ; Windows 7 ; 6.2        ; x86_64         ;
; Partition Merge           ; PC-ITB-AB109-08  ; Windows 7 ; 6.2        ; x86_64         ;
; Fitter                    ; PC-ITB-AB109-08  ; Windows 7 ; 6.2        ; x86_64         ;
; TimeQuest Timing Analyzer ; PC-ITB-AB109-08  ; Windows 7 ; 6.2        ; x86_64         ;
; Assembler                 ; PC-ITB-AB109-08  ; Windows 7 ; 6.2        ; x86_64         ;
; Analysis & Synthesis      ; PC-ITB-AB109-08  ; Windows 7 ; 6.2        ; x86_64         ;
; Partition Merge           ; PC-ITB-AB109-08  ; Windows 7 ; 6.2        ; x86_64         ;
; Fitter                    ; PC-ITB-AB109-08  ; Windows 7 ; 6.2        ; x86_64         ;
; TimeQuest Timing Analyzer ; PC-ITB-AB109-08  ; Windows 7 ; 6.2        ; x86_64         ;
; Assembler                 ; PC-ITB-AB109-08  ; Windows 7 ; 6.2        ; x86_64         ;
; Analysis & Synthesis      ; PC-ITB-AB109-08  ; Windows 7 ; 6.2        ; x86_64         ;
; Partition Merge           ; PC-ITB-AB109-08  ; Windows 7 ; 6.2        ; x86_64         ;
; Fitter                    ; PC-ITB-AB109-08  ; Windows 7 ; 6.2        ; x86_64         ;
; TimeQuest Timing Analyzer ; PC-ITB-AB109-08  ; Windows 7 ; 6.2        ; x86_64         ;
; Assembler                 ; PC-ITB-AB109-08  ; Windows 7 ; 6.2        ; x86_64         ;
; Analysis & Synthesis      ; PC-ITB-AB109-08  ; Windows 7 ; 6.2        ; x86_64         ;
; Partition Merge           ; PC-ITB-AB109-08  ; Windows 7 ; 6.2        ; x86_64         ;
; Fitter                    ; PC-ITB-AB109-08  ; Windows 7 ; 6.2        ; x86_64         ;
; TimeQuest Timing Analyzer ; PC-ITB-AB109-08  ; Windows 7 ; 6.2        ; x86_64         ;
; Assembler                 ; PC-ITB-AB109-08  ; Windows 7 ; 6.2        ; x86_64         ;
; Analysis & Synthesis      ; PC-ITB-AB109-08  ; Windows 7 ; 6.2        ; x86_64         ;
; Partition Merge           ; PC-ITB-AB109-08  ; Windows 7 ; 6.2        ; x86_64         ;
; Fitter                    ; PC-ITB-AB109-08  ; Windows 7 ; 6.2        ; x86_64         ;
; TimeQuest Timing Analyzer ; PC-ITB-AB109-08  ; Windows 7 ; 6.2        ; x86_64         ;
; Assembler                 ; PC-ITB-AB109-08  ; Windows 7 ; 6.2        ; x86_64         ;
; Analysis & Synthesis      ; PC-ITB-AB109-08  ; Windows 7 ; 6.2        ; x86_64         ;
; Partition Merge           ; PC-ITB-AB109-08  ; Windows 7 ; 6.2        ; x86_64         ;
; Fitter                    ; PC-ITB-AB109-08  ; Windows 7 ; 6.2        ; x86_64         ;
; TimeQuest Timing Analyzer ; PC-ITB-AB109-08  ; Windows 7 ; 6.2        ; x86_64         ;
; Assembler                 ; PC-ITB-AB109-08  ; Windows 7 ; 6.2        ; x86_64         ;
; Analysis & Synthesis      ; PC-ITB-AB109-08  ; Windows 7 ; 6.2        ; x86_64         ;
; Partition Merge           ; PC-ITB-AB109-08  ; Windows 7 ; 6.2        ; x86_64         ;
; Fitter                    ; PC-ITB-AB109-08  ; Windows 7 ; 6.2        ; x86_64         ;
; TimeQuest Timing Analyzer ; PC-ITB-AB109-08  ; Windows 7 ; 6.2        ; x86_64         ;
; Assembler                 ; PC-ITB-AB109-08  ; Windows 7 ; 6.2        ; x86_64         ;
; Analysis & Synthesis      ; PC-ITB-AB109-08  ; Windows 7 ; 6.2        ; x86_64         ;
; Partition Merge           ; PC-ITB-AB109-08  ; Windows 7 ; 6.2        ; x86_64         ;
; Fitter                    ; PC-ITB-AB109-08  ; Windows 7 ; 6.2        ; x86_64         ;
; TimeQuest Timing Analyzer ; PC-ITB-AB109-08  ; Windows 7 ; 6.2        ; x86_64         ;
; Assembler                 ; PC-ITB-AB109-08  ; Windows 7 ; 6.2        ; x86_64         ;
; Analysis & Synthesis      ; PC-ITB-AB109-08  ; Windows 7 ; 6.2        ; x86_64         ;
; Partition Merge           ; PC-ITB-AB109-08  ; Windows 7 ; 6.2        ; x86_64         ;
; Fitter                    ; PC-ITB-AB109-08  ; Windows 7 ; 6.2        ; x86_64         ;
; TimeQuest Timing Analyzer ; PC-ITB-AB109-08  ; Windows 7 ; 6.2        ; x86_64         ;
; Assembler                 ; PC-ITB-AB109-08  ; Windows 7 ; 6.2        ; x86_64         ;
; Analysis & Synthesis      ; PC-ITB-AB109-08  ; Windows 7 ; 6.2        ; x86_64         ;
; Partition Merge           ; PC-ITB-AB109-08  ; Windows 7 ; 6.2        ; x86_64         ;
; Fitter                    ; PC-ITB-AB109-08  ; Windows 7 ; 6.2        ; x86_64         ;
; TimeQuest Timing Analyzer ; PC-ITB-AB109-08  ; Windows 7 ; 6.2        ; x86_64         ;
; Assembler                 ; PC-ITB-AB109-08  ; Windows 7 ; 6.2        ; x86_64         ;
; Analysis & Synthesis      ; PC-ITB-AB109-08  ; Windows 7 ; 6.2        ; x86_64         ;
; Partition Merge           ; PC-ITB-AB109-08  ; Windows 7 ; 6.2        ; x86_64         ;
; Fitter                    ; PC-ITB-AB109-08  ; Windows 7 ; 6.2        ; x86_64         ;
; Analysis & Synthesis      ; PC-ITB-AB109-08  ; Windows 7 ; 6.2        ; x86_64         ;
; Partition Merge           ; PC-ITB-AB109-08  ; Windows 7 ; 6.2        ; x86_64         ;
; Fitter                    ; PC-ITB-AB109-08  ; Windows 7 ; 6.2        ; x86_64         ;
; Analysis & Synthesis      ; PC-ITB-AB109-08  ; Windows 7 ; 6.2        ; x86_64         ;
; Partition Merge           ; PC-ITB-AB109-08  ; Windows 7 ; 6.2        ; x86_64         ;
; Fitter                    ; PC-ITB-AB109-08  ; Windows 7 ; 6.2        ; x86_64         ;
; Analysis & Synthesis      ; PC-ITB-AB109-08  ; Windows 7 ; 6.2        ; x86_64         ;
; Partition Merge           ; PC-ITB-AB109-08  ; Windows 7 ; 6.2        ; x86_64         ;
; Fitter                    ; PC-ITB-AB109-08  ; Windows 7 ; 6.2        ; x86_64         ;
; Analysis & Synthesis      ; PC-ITB-AB109-08  ; Windows 7 ; 6.2        ; x86_64         ;
; Partition Merge           ; PC-ITB-AB109-08  ; Windows 7 ; 6.2        ; x86_64         ;
; Fitter                    ; PC-ITB-AB109-08  ; Windows 7 ; 6.2        ; x86_64         ;
; TimeQuest Timing Analyzer ; PC-ITB-AB109-08  ; Windows 7 ; 6.2        ; x86_64         ;
; Assembler                 ; PC-ITB-AB109-08  ; Windows 7 ; 6.2        ; x86_64         ;
; Analysis & Synthesis      ; PC-ITB-AB109-08  ; Windows 7 ; 6.2        ; x86_64         ;
; Partition Merge           ; PC-ITB-AB109-08  ; Windows 7 ; 6.2        ; x86_64         ;
; Fitter                    ; PC-ITB-AB109-08  ; Windows 7 ; 6.2        ; x86_64         ;
; TimeQuest Timing Analyzer ; PC-ITB-AB109-08  ; Windows 7 ; 6.2        ; x86_64         ;
; Assembler                 ; PC-ITB-AB109-08  ; Windows 7 ; 6.2        ; x86_64         ;
; Analysis & Synthesis      ; PC-ITB-AB109-06  ; Windows 7 ; 6.2        ; x86_64         ;
; Partition Merge           ; PC-ITB-AB109-06  ; Windows 7 ; 6.2        ; x86_64         ;
; Fitter                    ; PC-ITB-AB109-06  ; Windows 7 ; 6.2        ; x86_64         ;
; TimeQuest Timing Analyzer ; PC-ITB-AB109-06  ; Windows 7 ; 6.2        ; x86_64         ;
; Assembler                 ; PC-ITB-AB109-06  ; Windows 7 ; 6.2        ; x86_64         ;
+---------------------------+------------------+-----------+------------+----------------+


------------
; Flow Log ;
------------
quartus_map --read_settings_files=on --write_settings_files=off experiment1b -c experiment1b
quartus_cdb --read_settings_files=off --write_settings_files=off experiment1b -c experiment1b --merge=on
quartus_fit --read_settings_files=off --write_settings_files=off experiment1b -c experiment1b
quartus_sta experiment1b -c experiment1b
quartus_asm --read_settings_files=off --write_settings_files=off experiment1b -c experiment1b
quartus_eda --read_settings_files=off --write_settings_files=off experiment1b -c experiment1b
quartus_map --read_settings_files=on --write_settings_files=off experiment1b -c experiment1b
quartus_cdb --read_settings_files=off --write_settings_files=off experiment1b -c experiment1b --merge=on
quartus_fit --read_settings_files=off --write_settings_files=off experiment1b -c experiment1b
quartus_sta experiment1b -c experiment1b
quartus_asm --read_settings_files=off --write_settings_files=off experiment1b -c experiment1b
quartus_eda --read_settings_files=off --write_settings_files=off experiment1b -c experiment1b
quartus_map --read_settings_files=on --write_settings_files=off experiment1b -c experiment1b
quartus_cdb --read_settings_files=off --write_settings_files=off experiment1b -c experiment1b --merge=on
quartus_fit --read_settings_files=off --write_settings_files=off experiment1b -c experiment1b
quartus_sta experiment1b -c experiment1b
quartus_asm --read_settings_files=off --write_settings_files=off experiment1b -c experiment1b
quartus_eda --read_settings_files=off --write_settings_files=off experiment1b -c experiment1b
quartus_map --read_settings_files=on --write_settings_files=off experiment1b -c experiment1b
quartus_map --read_settings_files=on --write_settings_files=off experiment1b -c experiment1b
quartus_map --read_settings_files=on --write_settings_files=off experiment1b -c experiment1b
quartus_map --read_settings_files=on --write_settings_files=off experiment1b -c experiment1b
quartus_map --read_settings_files=on --write_settings_files=off experiment1b -c experiment1b
quartus_map --read_settings_files=on --write_settings_files=off experiment1b -c experiment1b
quartus_cdb --read_settings_files=off --write_settings_files=off experiment1b -c experiment1b --merge=on
quartus_fit --read_settings_files=off --write_settings_files=off experiment1b -c experiment1b
quartus_sta experiment1b -c experiment1b
quartus_asm --read_settings_files=off --write_settings_files=off experiment1b -c experiment1b
quartus_eda --read_settings_files=off --write_settings_files=off experiment1b -c experiment1b
quartus_map --read_settings_files=on --write_settings_files=off experiment1b -c experiment1b
quartus_cdb --read_settings_files=off --write_settings_files=off experiment1b -c experiment1b --merge=on
quartus_fit --read_settings_files=off --write_settings_files=off experiment1b -c experiment1b
quartus_sta experiment1b -c experiment1b
quartus_asm --read_settings_files=off --write_settings_files=off experiment1b -c experiment1b
quartus_eda --read_settings_files=off --write_settings_files=off experiment1b -c experiment1b
quartus_map --read_settings_files=on --write_settings_files=off experiment1b -c experiment1b
quartus_cdb --read_settings_files=off --write_settings_files=off experiment1b -c experiment1b --merge=on
quartus_fit --read_settings_files=off --write_settings_files=off experiment1b -c experiment1b
quartus_sta experiment1b -c experiment1b
quartus_asm --read_settings_files=off --write_settings_files=off experiment1b -c experiment1b
quartus_map --read_settings_files=on --write_settings_files=off experiment1b -c experiment1b
quartus_cdb --read_settings_files=off --write_settings_files=off experiment1b -c experiment1b --merge=on
quartus_fit --read_settings_files=off --write_settings_files=off experiment1b -c experiment1b
quartus_sta experiment1b -c experiment1b
quartus_asm --read_settings_files=off --write_settings_files=off experiment1b -c experiment1b
quartus_map --read_settings_files=on --write_settings_files=off experiment1b -c experiment1b
quartus_cdb --read_settings_files=off --write_settings_files=off experiment1b -c experiment1b --merge=on
quartus_fit --read_settings_files=off --write_settings_files=off experiment1b -c experiment1b
quartus_sta experiment1b -c experiment1b
quartus_asm --read_settings_files=off --write_settings_files=off experiment1b -c experiment1b
quartus_map --read_settings_files=on --write_settings_files=off experiment1b -c experiment1b
quartus_cdb --read_settings_files=off --write_settings_files=off experiment1b -c experiment1b --merge=on
quartus_fit --read_settings_files=off --write_settings_files=off experiment1b -c experiment1b
quartus_sta experiment1b -c experiment1b
quartus_asm --read_settings_files=off --write_settings_files=off experiment1b -c experiment1b
quartus_map --read_settings_files=on --write_settings_files=off experiment1b -c experiment1b
quartus_cdb --read_settings_files=off --write_settings_files=off experiment1b -c experiment1b --merge=on
quartus_fit --read_settings_files=off --write_settings_files=off experiment1b -c experiment1b
quartus_sta experiment1b -c experiment1b
quartus_asm --read_settings_files=off --write_settings_files=off experiment1b -c experiment1b
quartus_map --read_settings_files=on --write_settings_files=off experiment1b -c experiment1b
quartus_cdb --read_settings_files=off --write_settings_files=off experiment1b -c experiment1b --merge=on
quartus_fit --read_settings_files=off --write_settings_files=off experiment1b -c experiment1b
quartus_sta experiment1b -c experiment1b
quartus_asm --read_settings_files=off --write_settings_files=off experiment1b -c experiment1b
quartus_map --read_settings_files=on --write_settings_files=off experiment1b -c experiment1b
quartus_cdb --read_settings_files=off --write_settings_files=off experiment1b -c experiment1b --merge=on
quartus_fit --read_settings_files=off --write_settings_files=off experiment1b -c experiment1b
quartus_sta experiment1b -c experiment1b
quartus_asm --read_settings_files=off --write_settings_files=off experiment1b -c experiment1b
quartus_map --read_settings_files=on --write_settings_files=off experiment1b -c experiment1b
quartus_cdb --read_settings_files=off --write_settings_files=off experiment1b -c experiment1b --merge=on
quartus_fit --read_settings_files=off --write_settings_files=off experiment1b -c experiment1b
quartus_sta experiment1b -c experiment1b
quartus_asm --read_settings_files=off --write_settings_files=off experiment1b -c experiment1b
quartus_map --read_settings_files=on --write_settings_files=off experiment1b -c experiment1b
quartus_cdb --read_settings_files=off --write_settings_files=off experiment1b -c experiment1b --merge=on
quartus_fit --read_settings_files=off --write_settings_files=off experiment1b -c experiment1b
quartus_sta experiment1b -c experiment1b
quartus_asm --read_settings_files=off --write_settings_files=off experiment1b -c experiment1b
quartus_map --read_settings_files=on --write_settings_files=off experiment1b -c experiment1b
quartus_cdb --read_settings_files=off --write_settings_files=off experiment1b -c experiment1b --merge=on
quartus_fit --read_settings_files=off --write_settings_files=off experiment1b -c experiment1b
quartus_sta experiment1b -c experiment1b
quartus_asm --read_settings_files=off --write_settings_files=off experiment1b -c experiment1b
quartus_map --read_settings_files=on --write_settings_files=off experiment1b -c experiment1b
quartus_cdb --read_settings_files=off --write_settings_files=off experiment1b -c experiment1b --merge=on
quartus_fit --read_settings_files=off --write_settings_files=off experiment1b -c experiment1b
quartus_sta experiment1b -c experiment1b
quartus_asm --read_settings_files=off --write_settings_files=off experiment1b -c experiment1b
quartus_map --read_settings_files=on --write_settings_files=off experiment1b -c experiment1b
quartus_cdb --read_settings_files=off --write_settings_files=off experiment1b -c experiment1b --merge=on
quartus_fit --read_settings_files=off --write_settings_files=off experiment1b -c experiment1b
quartus_sta experiment1b -c experiment1b
quartus_asm --read_settings_files=off --write_settings_files=off experiment1b -c experiment1b
quartus_map --read_settings_files=on --write_settings_files=off experiment1b -c experiment1b
quartus_cdb --read_settings_files=off --write_settings_files=off experiment1b -c experiment1b --merge=on
quartus_fit --read_settings_files=off --write_settings_files=off experiment1b -c experiment1b
quartus_sta experiment1b -c experiment1b
quartus_asm --read_settings_files=off --write_settings_files=off experiment1b -c experiment1b
quartus_map --read_settings_files=on --write_settings_files=off experiment1b -c experiment1b
quartus_cdb --read_settings_files=off --write_settings_files=off experiment1b -c experiment1b --merge=on
quartus_fit --read_settings_files=off --write_settings_files=off experiment1b -c experiment1b
quartus_map --read_settings_files=on --write_settings_files=off experiment1b -c experiment1b
quartus_cdb --read_settings_files=off --write_settings_files=off experiment1b -c experiment1b --merge=on
quartus_fit --read_settings_files=off --write_settings_files=off experiment1b -c experiment1b
quartus_map --read_settings_files=on --write_settings_files=off experiment1b -c experiment1b
quartus_cdb --read_settings_files=off --write_settings_files=off experiment1b -c experiment1b --merge=on
quartus_fit --read_settings_files=off --write_settings_files=off experiment1b -c experiment1b
quartus_map --read_settings_files=on --write_settings_files=off experiment1b -c experiment1b
quartus_cdb --read_settings_files=off --write_settings_files=off experiment1b -c experiment1b --merge=on
quartus_fit --read_settings_files=off --write_settings_files=off experiment1b -c experiment1b
quartus_map --read_settings_files=on --write_settings_files=off experiment1b -c experiment1b
quartus_cdb --read_settings_files=off --write_settings_files=off experiment1b -c experiment1b --merge=on
quartus_fit --read_settings_files=off --write_settings_files=off experiment1b -c experiment1b
quartus_sta experiment1b -c experiment1b
quartus_asm --read_settings_files=off --write_settings_files=off experiment1b -c experiment1b
quartus_map --read_settings_files=on --write_settings_files=off experiment1b -c experiment1b
quartus_cdb --read_settings_files=off --write_settings_files=off experiment1b -c experiment1b --merge=on
quartus_fit --read_settings_files=off --write_settings_files=off experiment1b -c experiment1b
quartus_sta experiment1b -c experiment1b
quartus_asm --read_settings_files=off --write_settings_files=off experiment1b -c experiment1b
quartus_map --read_settings_files=on --write_settings_files=off experiment1b -c experiment1b
quartus_cdb --read_settings_files=off --write_settings_files=off experiment1b -c experiment1b --merge=on
quartus_fit --read_settings_files=off --write_settings_files=off experiment1b -c experiment1b
quartus_sta experiment1b -c experiment1b
quartus_asm --read_settings_files=off --write_settings_files=off experiment1b -c experiment1b



